// Jest Snapshot v1, https://goo.gl/fbAQLP

exports[`MenuItem component should render menuItem component 1`] = `ShallowWrapper {}`;
