// Jest Snapshot v1, https://goo.gl/fbAQLP

exports[`Test CollectionItem component should render CollectionItem component 1`] = `ShallowWrapper {}`;
