// Jest Snapshot v1, https://goo.gl/fbAQLP

exports[`Test CheckoutItem component should CheckoutItem component 1`] = `ShallowWrapper {}`;
