// Jest Snapshot v1, https://goo.gl/fbAQLP

exports[`test CartItem component should render CartItem component 1`] = `ShallowWrapper {}`;
